---
source: crates/dexo-tui/tests/snapshots.rs
expression: "render_to_string(&model, 100, 30)"
---
demo  local  public                                                                                 
┌  Sidebar─────────────────┐ scratch.sql ×  users ×  +                                              
│Connections  [n]ew [e]dit │┌▸ Results (0) crumbs:1────────────────────────────────────────────────┐
│  ● local▾  [offline]     ││[Grid] Explain  Messages                                              │
│>   ▸ public              ││                                                                      │
│      mysql.u┌Review changes────────────────────────────────────────────────────────┐             │
│             │target: demo.public.users                                             │             │
│             │ops: 1                                                                │             │
│             │status: Pending                                                       │             │
│             │ready                                                                 │             │
│             │INSERT INTO demo.public.users (id) VALUES ($1)                        │             │
│             │                                                                      │             │
│             │                                                                      │             │
│             │                                                                      │             │
│             │                                                                      │             │
│             │                                                                      │             │
│             │                                                                      │             │
│             │                                                                      │             │
│             └──────────────────────────────────────────────────────────────────────┘             │
│                          ││                                                                      │
│                          ││                                                                      │
│                          ││                                                                      │
│                          ││                                                                      │
│                          ││                                                                      │
│                          │└──────────────────────────────────────────────────────────────────────┘
│                          │┌  Console─────────────────────────────────────────────────────────────┐
│                          ││                                                                      │
│                          ││                                                                      │
└──────────────────────────┘└──────────────────────────────────────────────────────────────────────┘
local  Enter actions  v view  n/p page  Ctrl+W close                                      Ctrl+P  F1
