---
source: crates/dexo-tui/tests/snapshots.rs
expression: "render_to_string(&model, 100, 30)"
---
demo  local  public                                                                                 
┌Explorer──────────────────┐ SQL │ Data │ DDL │ Properties │ Explain                                
│[offline]                 │┌SQL───────────────────────────────────────────────────────────────────┐
│filter:public kind:- fav:f││select 1                                                              │
│  ▸ public                ││                                                                      │
│actions: properties DDL da││                                                                      │
│selected: local.public    ││                                                                      │
│                          ││                                                                      │
│                          ││                                                                      │
│                          ││                                                                      │
│                          ││                                                                      │
│                          ││                                                                      │
│                          ││                                                                      │
│                          ││                                                                      │
│                          ││                                                                      │
│                          ││                                                                      │
│                          ││                                                                      │
│                          ││                                                                      │
│                          ││                                                                      │
│                          ││                                                                      │
│                          │└──────────────────────────────────────────────────────────────────────┘
│                          │┌Results (0)───────────────────────────────────────────────────────────┐
│                          ││                                                                      │
│                          ││                                                                      │
│                          ││                                                                      │
│                          ││                                                                      │
│                          ││                                                                      │
│                          ││                                                                      │
└──────────────────────────┘└──────────────────────────────────────────────────────────────────────┘
connected:local  tx:idle  rows:0  ctrl+p palette
