---
source: crates/dexo-tui/tests/snapshots.rs
expression: "render_to_string(&model, 60, 20)"
---
[Compare]  demo  local  public                              
 From ‹ prod@v1 › ⇄  To ‹ prod@v2 ›  Filters (1)            
┌▸ Differences (2 of 3)────────────────────────────────────┐
│  Tables                                                  │
│> + db.public.orders_new                                  │
│  Columns                                                 │
│  ~ db.public.users.age  may lose data, cannot be undone  │
│                                                          │
│                                                          │
└──────────────────────────────────────────────────────────┘
┌  db.public.orders_new────────────────────────────────────┐
│ [⏎ Open script]  [w Whole script]  [y Copy]              │
│                                                          │
│ Change  added                                            │
│ Object  table db.public.orders_new                       │
│ Risk    none                                             │
│                                                          │
│ No statement: this difference is left to be made by hand.│
└──────────────────────────────────────────────────────────┘
Compare  Up/Down pick  a/r/c filter  p sources    Ctrl+P  F1
