---
source: crates/dexo-tui/tests/snapshots.rs
expression: "render_to_string(&model, 60, 20)"
---
demo  local  public                                         
┌▸ SQL · scratch.sql───────────────────────────────────────┐
┌MCP profiles──────────────────────────────────────────────┐
│mcp profile=assistant enabled=true confirm=true           │
│scope allow db.public.*                                   │
│scope deny db.public.secrets                              │
│tool catalog_search                                       │
│tool object_describe                                      │
│resource db.public.items                                  │
│grant data_write data_insert 900s                         │
│diff profile db.public.* -> grant db.public.items         │
│confirm revoke all grants                                 │
│                                                          │
│                                                          │
│                                                          │
└──────────────────────────────────────────────────────────┘
│                                                          │
│                                                          │
└──────────────────────────────────────────────────────────┘
connected:local  tx:idle  FOCUS: Editor  layout:normal  rows
