---
source: crates/dexo-tui/tests/snapshots.rs
expression: "render_to_string(&snapshot_model(), 100, 30)"
---
demo  local  public                                                                                 
┌  Explorer────────────────┐ SQL │ Data │ DDL │ Properties │ Explain                                
│[offline]                 │ scratch.sql                                                            
│ ▾ local                  │┌▸ SQL · scratch.sql───────────────────────────────────────────────────┐
│>  ▸ public               ││   1▸select 1                                                         │
│     mysql.users [restrict││                                                                      │
│                          ││                                                                      │
│                          ││                                                                      │
│                          ││                                                                      │
│                          ││                                                                      │
│                          ││                                                                      │
│                          ││                                                                      │
│                          ││                                                                      │
│                          ││                                                                      │
│                          ││                                                                      │
│                          ││                                                                      │
│                          │└──────────────────────────────────────────────────────────────────────┘
│                          │┌  Results (0)─────────────────────────────────────────────────────────┐
│                          ││                                                                      │
│                          ││                                                                      │
│                          ││                                                                      │
│                          ││                                                                      │
│                          ││                                                                      │
│                          ││                                                                      │
│                          ││                                                                      │
│                          ││                                                                      │
│                          ││                                                                      │
│                          ││                                                                      │
└──────────────────────────┘└──────────────────────────────────────────────────────────────────────┘
connected:local  tx:idle  FOCUS: Editor  layout:normal  rows:0  ctrl+p palette  F1 help  Ctrl+W clos
