---
source: crates/dexo-tui/tests/snapshots.rs
assertion_line: 275
expression: "render_to_string(&model, 100, 30)"
---
[Workbench] Connections  Agents  Server  Compare  History   demo  local  public                     
┌  Sidebar─────────────────┐ scratch.sql ×  +                                                       
│[n]ew [e]dit [a]ctions    │┌▸ SQL · scratch.sql───────────────────────────────────────────────────┐
│  ● local▾                ││   1▸select 1                                                         │
│>   ▸ public              ││                                                                      │
│┌Sessions on ┌Terminate session─────────────────────────────────────────────────────┐────────────┐│
││  ID       U│Session 11 · dexo@dexo · idle in transaction                          │            ││
││  10       d│  lock table items                                                    │lect 1      ││
││> 11       d│                                                                      │able items  ││
││            │Type 11 to end this session and roll back its work.                   │            ││
││  Session 11│id: █                                                                 │            ││
││            │ [Terminate]   [Cancel]                                               │            ││
││Up/Down pick└──────────────────────────────────────────────────────────────────────┘            ││
│└────────────────────────────────────────────────────────────────────────────────────────────────┘│
│                          ││                                                                      │
│                          ││                                                                      │
│                          │└──────────────────────────────────────────────────────────────────────┘
│                          │┌  Results─────────────────────────────────────────────────────────────┐
│                          ││[Grid] Explain  Messages                                              │
│                          ││                                                                      │
│                          ││                                                                      │
│                          ││                                                                      │
│                          ││                                                                      │
│                          ││                                                                      │
│                          ││                                                                      │
│                          ││                                                                      │
│                          ││                                                                      │
│                          ││                                                                      │
└──────────────────────────┘└──────────────────────────────────────────────────────────────────────┘
local                                                                                     Ctrl+P  F1
