---
source: crates/dexo-tui/tests/snapshots.rs
expression: "render_to_string(&model, 160, 50)"
---
demo  local  public                                                                                                                                             
┌  Sidebar─────────────────┐ scratch.sql ×  +                                                                                                                   
│[n]ew [e]dit [a]ctions    │┌▸ SQL · scratch.sql───────────────────────────────────────────────────────────────────────────────────────────────────────────────┐
│  ● local▾                ││   1▸select 1                                                                                                                     │
│>   ▸ public              ││                                                                                                                                  │
│      mysql.… [restricted]││                                                                                                                                  │
│                          ││                                                                                                                                  │
│                          ││                                                                                                                                  │
│                          ││       ┌Compare Schema · prod@v1──────────────────────────────────────────────────────────────┐                                   │
│                          ││       │prod@v1 -> prod@v2: 3 differences                                                     │                                   │
│                          ││       │Show: [x] added 1  [x] removed 1  [x] changed 1   (a / r / c)                         │                                   │
│                          ││       │                                                                                      │                                   │
│                          ││       │> added    table db.public.orders_new                                                 │                                   │
│                          ││       │  removed  table db.public.gone  (drops it, may lose data, cannot be undone)          │                                   │
│                          ││       │  changed  column db.public.users.age  (may lose data, cannot be undone)              │                                   │
│                          ││       │                                                                                      │                                   │
│                          ││       │Migration script                                                                      │                                   │
│                          ││       │  DROP TABLE db.public.gone;                                                          │                                   │
│                          ││       │ [Open script]   [Cancel]                                                             │                                   │
│                          ││       │  a/r/c filter  Enter opens the script  Esc closes                                    │                                   │
│                          ││       │                                                                                      │                                   │
│                          ││       │                                                                                      │                                   │
│                          ││       │                                                                                      │                                   │
│                          ││       │                                                                                      │                                   │
│                          ││       │                                                                                      │                                   │
│                          ││       │                                                                                      │                                   │
│                          ││       │                                                                                      │                                   │
│                          ││       │                                                                                      │                                   │
│                          ││       │                                                                                      │                                   │
│                          ││       │                                                                                      │                                   │
│                          ││       │                                                                                      │                                   │
│                          ││       └──────────────────────────────────────────────────────────────────────────────────────┘                                   │
│                          ││                                                                                                                                  │
│                          ││                                                                                                                                  │
│                          ││                                                                                                                                  │
│                          ││                                                                                                                                  │
│                          │└──────────────────────────────────────────────────────────────────────────────────────────────────────────────────────────────────┘
│                          │┌  Results─────────────────────────────────────────────────────────────────────────────────────────────────────────────────────────┐
│                          ││[Grid] Explain  Messages                                                                                                          │
│                          ││                                                                                                                                  │
│                          ││                                                                                                                                  │
│                          ││                                                                                                                                  │
│                          ││                                                                                                                                  │
│                          ││                                                                                                                                  │
│                          ││                                                                                                                                  │
│                          ││                                                                                                                                  │
│                          ││                                                                                                                                  │
│                          ││                                                                                                                                  │
└──────────────────────────┘└──────────────────────────────────────────────────────────────────────────────────────────────────────────────────────────────────┘
local  Ctrl+J run  Ctrl+N new sql  Ctrl+W close                                                                                                       Ctrl+P  F1
