---
source: crates/dexo-tui/tests/snapshots.rs
expression: "render_to_string(&model, 60, 20)"
---
[Compare]  demo  local  public                              
 From ‹ prod@v1 › ⇄  To ‹ prod@v2 ›  Filters (1)            
/ search                                                    
┌▸ Differences (2 of 3)────────────────────────────────────┐
│  Tables                                                  │
│> + db.public.orders_new                                  │
│  Columns                                                 │
│  ~ db.public.users.age  may lose data, cannot be undone  │
│                                                          │
│                                                          │
│                                                          │
│                                                          │
│                                                          │
│                                                          │
│                                                          │
│                                                          │
│                                                          │
│                                                          │
└──────────────────────────────────────────────────────────┘
Compare  Enter details  s swap  e compare         Ctrl+P  F1
