---
source: crates/dexo-tui/tests/snapshots.rs
expression: "render_to_string(&model, 100, 30)"
---
demo  local  public                                                                                 
┌  Sidebar─────────────────┐ SQL │ Data │ DDL │ Properties │ Explain                                
│Connections  [n]ew [e]dit │ scratch.sql ×  +                                                       
│  ● local▾  [offline]     │┌▸ SQL · scratch.sql───────────────────────────────────────────────────┐
│>   ▸ public ┌Transfer──────────────────────────────────────────────────────────────┐             │
│      mysql.u│import orders.csv                                                     │             │
│             │format=csv strategy=RejectFile                                        │             │
│             │progress rows=0 bytes=0 running=false                                 │             │
│             │preview:                                                              │             │
│             │id,name                                                               │             │
│             │1,ok                                                                  │             │
│             │2,BAD                                                                 │             │
│             │ [Submit]   [Cancel]                                                  │             │
│             │                                                                      │             │
│             │                                                                      │             │
│             │                                                                      │             │
│             │                                                                      │─────────────┘
│             │                                                                      │─────────────┐
│             │                                                                      │             │
│             └──────────────────────────────────────────────────────────────────────┘             │
│                          ││                                                                      │
│                          ││                                                                      │
│                          ││                                                                      │
│                          ││                                                                      │
│                          ││                                                                      │
│                          ││                                                                      │
│                          ││                                                                      │
│                          ││                                                                      │
└──────────────────────────┘└──────────────────────────────────────────────────────────────────────┘
connected:local  tx:idle  FOCUS: Editor  layout:normal  rows:0  ctrl+p palette  F1 help  Ctrl+Enter
