---
source: crates/dexo-tui/tests/snapshots.rs
assertion_line: 222
expression: "render_to_string(&model, 60, 20)"
---
demo  local  public          1 Sidebar  [2 SQL]  3 Results  
 scratch.sql ×  +                                           
┌▸ SQL · scratch.sql───────────────────────────────────────┐
┌Export data───────────────────────────────────────────────┐
│Export 10,000 rows from the results to a file.            │
│                                                          │
│> File:     out.csv                               [Browse]│
│  Format:   csv                                           │
│                                                          │
│Exporting... 10,000 rows, 78 KB, 0s. Esc stops it.        │
│ >[Cancel]                                                │
└──────────────────────────────────────────────────────────┘
│                                                          │
│                                                          │
│                                                          │
│                                                          │
│                                                          │
│                                                          │
└──────────────────────────────────────────────────────────┘
local  Ctrl+J run  Ctrl+N new sql  Ctrl+W close   Ctrl+P  F1
