---
source: crates/dexo-tui/tests/snapshots.rs
expression: "render_to_string(&model, 160, 50)"
---
demo  local  public                                                                                                                                             
┌  Sidebar─────────────────┐ SQL │ Data │ DDL │ Properties │ Explain                                                                ┌  Inspector · properties──┐
│Connections               │ scratch.sql                                                                                            │No selection              │
│No connections — press n  │┌▸ SQL · scratch.sql───────────────────────────────────────────────────────────────────────────────────┐│                          │
│Catalog — offline         ││   1▸select 1                                                                                         ││                          │
│ ▾ local                  ││                                                                                                      ││                          │
│>  ▸ public               ││                                                                                                      ││                          │
│     mysql.users [restrict││                                                                                                      ││                          │
│                          ││                                                                                                      ││                          │
│                          ││                                                                                                      ││                          │
│                          ││                                                                                                      ││                          │
│                          ││           ┌Sessions──────────────────────────────────────────────────────────────────────┐           ││                          │
│                          ││           │admin captured_at=1710000000 paused=false                                     │           ││                          │
│                          ││           │session 10 user=dexo db=dexo state=active duration_ms=1200 sql=select 1       │           ││                          │
│                          ││           │session 11 user=dexo db=dexo state=idle in transaction duration_ms=4000 sql=lo│           ││                          │
│                          ││           │block 11 -> 10 lock=AccessExclusiveLock rel=public.items                      │           ││                          │
│                          ││           │preview SELECT pg_terminate_backend(11) lock=None confirm=TypeTarget          │           ││                          │
│                          ││           │confirm-target= confirmed=false                                               │           ││                          │
│                          ││           │                                                                              │           ││                          │
│                          ││           │                                                                              │           ││                          │
│                          ││           │                                                                              │           ││                          │
│                          ││           │                                                                              │           ││                          │
│                          ││           │                                                                              │           ││                          │
│                          ││           │                                                                              │           ││                          │
│                          ││           │                                                                              │           ││                          │
│                          ││           │                                                                              │           ││                          │
│                          ││           └──────────────────────────────────────────────────────────────────────────────┘           ││                          │
│                          ││                                                                                                      ││                          │
│                          ││                                                                                                      ││                          │
│                          ││                                                                                                      ││                          │
│                          ││                                                                                                      ││                          │
│                          ││                                                                                                      ││                          │
│                          ││                                                                                                      ││                          │
│                          ││                                                                                                      ││                          │
│                          ││                                                                                                      ││                          │
│                          ││                                                                                                      ││                          │
│                          │└──────────────────────────────────────────────────────────────────────────────────────────────────────┘│                          │
│                          │┌  Results (0)─────────────────────────────────────────────────────────────────────────────────────────┐│                          │
│                          ││                                                                                                      ││                          │
│                          ││                                                                                                      ││                          │
│                          ││                                                                                                      ││                          │
│                          ││                                                                                                      ││                          │
│                          ││                                                                                                      ││                          │
│                          ││                                                                                                      ││                          │
│                          ││                                                                                                      ││                          │
│                          ││                                                                                                      ││                          │
│                          ││                                                                                                      ││                          │
│                          ││                                                                                                      ││                          │
└──────────────────────────┘└──────────────────────────────────────────────────────────────────────────────────────────────────────┘└──────────────────────────┘
connected:local  tx:idle  FOCUS: Editor  layout:normal  rows:0  ctrl+p palette  F1 help  Ctrl+Enter run  Ctrl+N new sql  Ctrl+W close
