---
source: crates/dexo-tui/tests/snapshots.rs
expression: "render_to_string(&model, 160, 50)"
---
demo  local  public                                                                                                                                             
┌Explorer─────────────────────────┐ SQL │ Data │ DDL │ Properties │ Explain                                                  ┌Inspector────────────────────────┐
│[offline]                        │┌SQL─────────────────────────────────────────────────────────────────────────────────────┐│No selection                     │
│▾ local                          ││select 1                                                                                ││                                 │
│  ▸ public                       ││                                                                                        ││                                 │
│  ▸ mysql.users [restricted]     ││                                                                                        ││                                 │
│actions: properties DDL data depe││                                                                                        ││                                 │
│selected: local.public           ││                                                                                        ││                                 │
│                                 ││                                                                                        ││                                 │
│                                 ││                                                                                        ││                                 │
│                                 ││                                                                                        ││                                 │
│                                 ││                                                                                        ││                                 │
│                                 ││        ┌MCP profiles──────────────────────────────────────────────────────────┐        ││                                 │
│                                 ││        │mcp profile=assistant enabled=false confirm=false                     │        ││                                 │
│                                 ││        │scope allow db.public.*                                               │        ││                                 │
│                                 ││        │scope deny db.public.secrets                                          │        ││                                 │
│                                 ││        │tool catalog_search                                                   │        ││                                 │
│                                 ││        │tool object_describe                                                  │        ││                                 │
│                                 ││        │enable requires local confirmation                                    │        ││                                 │
│                                 ││        │                                                                      │        ││                                 │
│                                 ││        │                                                                      │        ││                                 │
│                                 ││        │                                                                      │        ││                                 │
│                                 ││        │                                                                      │        ││                                 │
│                                 ││        │                                                                      │        ││                                 │
│                                 ││        │                                                                      │        ││                                 │
│                                 ││        └──────────────────────────────────────────────────────────────────────┘        ││                                 │
│                                 ││                                                                                        ││                                 │
│                                 ││                                                                                        ││                                 │
│                                 ││                                                                                        ││                                 │
│                                 ││                                                                                        ││                                 │
│                                 ││                                                                                        ││                                 │
│                                 ││                                                                                        ││                                 │
│                                 │└────────────────────────────────────────────────────────────────────────────────────────┘│                                 │
│                                 │┌Results (0)─────────────────────────────────────────────────────────────────────────────┐│                                 │
│                                 ││                                                                                        ││                                 │
│                                 ││                                                                                        ││                                 │
│                                 ││                                                                                        ││                                 │
│                                 ││                                                                                        ││                                 │
│                                 ││                                                                                        ││                                 │
│                                 ││                                                                                        ││                                 │
│                                 ││                                                                                        ││                                 │
│                                 ││                                                                                        ││                                 │
│                                 ││                                                                                        ││                                 │
│                                 ││                                                                                        ││                                 │
│                                 ││                                                                                        ││                                 │
│                                 ││                                                                                        ││                                 │
│                                 ││                                                                                        ││                                 │
│                                 ││                                                                                        ││                                 │
└─────────────────────────────────┘└────────────────────────────────────────────────────────────────────────────────────────┘└─────────────────────────────────┘
connected:local  tx:idle  rows:0  ctrl+p palette
