---
source: crates/dexo-tui/tests/snapshots.rs
assertion_line: 146
expression: "render_to_string(&model, 160, 50)"
---
demo  local  public                                                                                                                                             
┌  Explorer────────────────┐ SQL │ Data │ DDL │ Properties │ Explain                                                                ┌  Inspector · properties──┐
│[offline]                 │┌▸ DDL─────────────────────────────────────────────────────────────────────────────────────────────────┐│No selection              │
│ ▾ local                  ││schema table                                                                                          ││                          │
│>  ▸ public               ││> target: public.orders                                                                               ││                          │
│     mysql.users [restrict││  columns:                                                                                            ││                          │
│                          ││  defaults:                                                                                           ││                          │
│                          ││  indexes:                                                                                            ││                          │
│                          ││  constraints:                                                                                        ││                          │
│                          ││  foreign_keys:                                                                                       ││                          │
│                          ││error: columns are required                                                                           ││                          │
│                          ││                                                                                                      ││                          │
│                          ││                                                                                                      ││                          │
│                          ││                                                                                                      ││                          │
│                          ││                                                                                                      ││                          │
│                          ││                                                                                                      ││                          │
│                          ││                                                                                                      ││                          │
│                          ││                                                                                                      ││                          │
│                          ││                                                                                                      ││                          │
│                          ││                                                                                                      ││                          │
│                          ││                                                                                                      ││                          │
│                          ││                                                                                                      ││                          │
│                          ││                                                                                                      ││                          │
│                          ││                                                                                                      ││                          │
│                          ││                                                                                                      ││                          │
│                          ││                                                                                                      ││                          │
│                          ││                                                                                                      ││                          │
│                          ││                                                                                                      ││                          │
│                          ││                                                                                                      ││                          │
│                          ││                                                                                                      ││                          │
│                          ││                                                                                                      ││                          │
│                          ││                                                                                                      ││                          │
│                          ││                                                                                                      ││                          │
│                          ││                                                                                                      ││                          │
│                          ││                                                                                                      ││                          │
│                          ││                                                                                                      ││                          │
│                          │└──────────────────────────────────────────────────────────────────────────────────────────────────────┘│                          │
│                          │┌  Results (0)─────────────────────────────────────────────────────────────────────────────────────────┐│                          │
│                          ││                                                                                                      ││                          │
│                          ││                                                                                                      ││                          │
│                          ││                                                                                                      ││                          │
│                          ││                                                                                                      ││                          │
│                          ││                                                                                                      ││                          │
│                          ││                                                                                                      ││                          │
│                          ││                                                                                                      ││                          │
│                          ││                                                                                                      ││                          │
│                          ││                                                                                                      ││                          │
│                          ││                                                                                                      ││                          │
└──────────────────────────┘└──────────────────────────────────────────────────────────────────────────────────────────────────────┘└──────────────────────────┘
connected:local  tx:idle  FOCUS: Editor  layout:normal  rows:0  ctrl+p palette  F1 help
