---
source: crates/dexo-tui/tests/snapshots.rs
assertion_line: 188
expression: "render_to_string(&model, 100, 30)"
---
demo  local  public                                                                                 
┌  Explorer────────────────┐ SQL │ Data │ DDL │ Properties │ Explain                                
│[offline]                 │┌▸ SQL · scratch.sql───────────────────────────────────────────────────┐
│ ▾ local                  ││   1▸select 1                                                         │
│>  ▸ public  ┌Transfer──────────────────────────────────────────────────────────────┐             │
│   ▸ mysql.us│import orders.csv                                                     │             │
│actions: prop│format=csv strategy=RejectFile                                        │             │
│selected: loc│progress rows=2 bytes=0 running=false                                 │             │
│             │preview:                                                              │             │
│             │preview ready                                                         │             │
│             │reject line=3 invalid value                                           │             │
│             │                                                                      │             │
│             │                                                                      │             │
│             │                                                                      │             │
│             │                                                                      │             │
│             │                                                                      │             │
│             │                                                                      │─────────────┘
│             │                                                                      │─────────────┐
│             │                                                                      │             │
│             └──────────────────────────────────────────────────────────────────────┘             │
│                          ││                                                                      │
│                          ││                                                                      │
│                          ││                                                                      │
│                          ││                                                                      │
│                          ││                                                                      │
│                          ││                                                                      │
│                          ││                                                                      │
│                          ││                                                                      │
└──────────────────────────┘└──────────────────────────────────────────────────────────────────────┘
connected:local  tx:idle  FOCUS: Editor  layout:normal  rows:0  ctrl+p palette  F1 help
