---
source: crates/dexo-tui/tests/snapshots.rs
assertion_line: 170
expression: "render_to_string(&model, 160, 50)"
---
demo  local  public                                                                                                                                             
┌  Explorer────────────────┐ SQL │ Data │ DDL │ Properties │ Explain                                                                ┌  Inspector · properties──┐
│[offline]                 │┌▸ SQL · scratch.sql───────────────────────────────────────────────────────────────────────────────────┐│No selection              │
│ ▾ local                  ││   1▸select 1                                                                                         ││                          │
│>  ▸ public               ││                                                                                                      ││                          │
│   ▸ mysql.users [restrict││                                                                                                      ││                          │
│actions: properties DDL da││                                                                                                      ││                          │
│selected: local.public    ││                                                                                                      ││                          │
│                          ││                                                                                                      ││                          │
│                          ││                                                                                                      ││                          │
│                          ││           ┌Schema diff───────────────────────────────────────────────────────────────────┐           ││                          │
│                          ││           │prod@v1 -> prod@v2                                                            │           ││                          │
│                          ││           │filters added=true removed=true changed=true                                  │           ││                          │
│                          ││           │confirm=false apply=blocked                                                   │           ││                          │
│                          ││           │> added db.public.orders_new destructive=false data_loss=false reversible=true│           ││                          │
│                          ││           │  removed db.public.gone destructive=true data_loss=true reversible=false     │           ││                          │
│                          ││           │  changed db.public.users destructive=false data_loss=true reversible=false   │           ││                          │
│                          ││           │--- script ---                                                                │           ││                          │
│                          ││           │-- dexo:risk destructive=true data_loss=true lock=AccessExclusive reversible=f│           ││                          │
│                          ││           │DROP TABLE db.public.gone;                                                    │           ││                          │
│                          ││           │                                                                              │           ││                          │
│                          ││           │                                                                              │           ││                          │
│                          ││           │                                                                              │           ││                          │
│                          ││           │                                                                              │           ││                          │
│                          ││           │                                                                              │           ││                          │
│                          ││           │                                                                              │           ││                          │
│                          ││           │                                                                              │           ││                          │
│                          ││           └──────────────────────────────────────────────────────────────────────────────┘           ││                          │
│                          ││                                                                                                      ││                          │
│                          ││                                                                                                      ││                          │
│                          ││                                                                                                      ││                          │
│                          ││                                                                                                      ││                          │
│                          ││                                                                                                      ││                          │
│                          ││                                                                                                      ││                          │
│                          ││                                                                                                      ││                          │
│                          ││                                                                                                      ││                          │
│                          │└──────────────────────────────────────────────────────────────────────────────────────────────────────┘│                          │
│                          │┌  Results (0)─────────────────────────────────────────────────────────────────────────────────────────┐│                          │
│                          ││                                                                                                      ││                          │
│                          ││                                                                                                      ││                          │
│                          ││                                                                                                      ││                          │
│                          ││                                                                                                      ││                          │
│                          ││                                                                                                      ││                          │
│                          ││                                                                                                      ││                          │
│                          ││                                                                                                      ││                          │
│                          ││                                                                                                      ││                          │
│                          ││                                                                                                      ││                          │
│                          ││                                                                                                      ││                          │
└──────────────────────────┘└──────────────────────────────────────────────────────────────────────────────────────────────────────┘└──────────────────────────┘
connected:local  tx:idle  FOCUS: Editor  layout:normal  rows:0  ctrl+p palette  F1 help
