---
source: crates/dexo-tui/tests/snapshots.rs
expression: "render_to_string(&model, 160, 50)"
---
demo  local  public                                                                                                                                             
┌  Sidebar─────────────────┐ SQL │ Data │ DDL │ Properties │ Explain                                                                ┌  Inspector · properties──┐
│Connections               │ scratch.sql                                                                                            │No selection              │
│No connections — press n  │┌▸ SQL · scratch.sql───────────────────────────────────────────────────────────────────────────────────┐│                          │
│Catalog — offline         ││   1▸select 1                                                                                         ││                          │
│ ▾ local                  ││                                                                                                      ││                          │
│>  ▸ public               ││                                                                                                      ││                          │
│     mysql.users [restrict││                                                                                                      ││                          │
│                          ││                                                                                                      ││                          │
│                          ││                                                                                                      ││                          │
│                          ││                                                                                                      ││                          │
│                          ││                                                                                                      ││                          │
│                          ││               ┌MCP profiles──────────────────────────────────────────────────────────┐               ││                          │
│                          ││               │mcp profile=assistant enabled=false confirm=false                     │               ││                          │
│                          ││               │scope allow db.public.*                                               │               ││                          │
│                          ││               │scope deny db.public.secrets                                          │               ││                          │
│                          ││               │tool catalog_search                                                   │               ││                          │
│                          ││               │tool object_describe                                                  │               ││                          │
│                          ││               │resource db.public.items                                              │               ││                          │
│                          ││               │grant data_write data_insert 900s                                     │               ││                          │
│                          ││               │diff profile db.public.* -> grant db.public.items                     │               ││                          │
│                          ││               │enable requires local confirmation                                    │               ││                          │
│                          ││               │                                                                      │               ││                          │
│                          ││               │                                                                      │               ││                          │
│                          ││               │                                                                      │               ││                          │
│                          ││               └──────────────────────────────────────────────────────────────────────┘               ││                          │
│                          ││                                                                                                      ││                          │
│                          ││                                                                                                      ││                          │
│                          ││                                                                                                      ││                          │
│                          ││                                                                                                      ││                          │
│                          ││                                                                                                      ││                          │
│                          ││                                                                                                      ││                          │
│                          ││                                                                                                      ││                          │
│                          ││                                                                                                      ││                          │
│                          ││                                                                                                      ││                          │
│                          ││                                                                                                      ││                          │
│                          │└──────────────────────────────────────────────────────────────────────────────────────────────────────┘│                          │
│                          │┌  Results (0)─────────────────────────────────────────────────────────────────────────────────────────┐│                          │
│                          ││                                                                                                      ││                          │
│                          ││                                                                                                      ││                          │
│                          ││                                                                                                      ││                          │
│                          ││                                                                                                      ││                          │
│                          ││                                                                                                      ││                          │
│                          ││                                                                                                      ││                          │
│                          ││                                                                                                      ││                          │
│                          ││                                                                                                      ││                          │
│                          ││                                                                                                      ││                          │
│                          ││                                                                                                      ││                          │
└──────────────────────────┘└──────────────────────────────────────────────────────────────────────────────────────────────────────┘└──────────────────────────┘
connected:local  tx:idle  FOCUS: Editor  layout:normal  rows:0  ctrl+p palette  F1 help  Ctrl+Enter run  Ctrl+N new sql  Ctrl+W close
