---
source: crates/dexo-tui/tests/snapshots.rs
assertion_line: 134
expression: "render_to_string(&model, 100, 30)"
---
demo  local  public                                                                                 
┌  Explorer────────────────┐ SQL │ Data │ DDL │ Properties │ Explain │ demo.public.users            
│[offline]                 │┌▸ SQL · scratch.sql───────────────────────────────────────────────────┐
│ ▾ local                  ││   1▸select 1                                                         │
│>  ▸ public               ││                                                                      │
│     mysql.us┌Review changes────────────────────────────────────────────────────────┐             │
│             │target: demo.public.users                                             │             │
│             │ops: 1                                                                │             │
│             │status: Pending                                                       │             │
│             │ready                                                                 │             │
│             │INSERT INTO demo.public.users (id) VALUES ($1)                        │             │
│             │                                                                      │             │
│             │                                                                      │             │
│             │                                                                      │             │
│             │                                                                      │             │
│             │                                                                      │             │
│             │                                                                      │─────────────┘
│             │                                                                      │─────────────┐
│             └──────────────────────────────────────────────────────────────────────┘             │
│                          ││                                                                      │
│                          ││                                                                      │
│                          ││                                                                      │
│                          ││                                                                      │
│                          ││                                                                      │
│                          ││                                                                      │
│                          ││                                                                      │
│                          ││                                                                      │
│                          ││                                                                      │
└──────────────────────────┘└──────────────────────────────────────────────────────────────────────┘
connected:local  tx:idle  FOCUS: Editor  layout:normal  rows:0  ctrl+p palette  F1 help
