---
source: crates/dexo-tui/tests/snapshots.rs
expression: "render_to_string(&snapshot_model(), 160, 50)"
---
demo  local  public                                                                                                                                             
┌  Sidebar─────────────────┐ scratch.sql ×  +                                                                                                                   
│[n]ew [e]dit [a]ctions    │┌▸ SQL · scratch.sql───────────────────────────────────────────────────────────────────────────────────────────────────────────────┐
│  ● local▾  [offline]     ││   1▸select 1                                                                                                                     │
│>   ▸ public              ││                                                                                                                                  │
│      mysql.users [restric││                                                                                                                                  │
│                          ││                                                                                                                                  │
│                          ││                                                                                                                                  │
│                          ││                                                                                                                                  │
│                          ││                                                                                                                                  │
│                          ││                                                                                                                                  │
│                          ││                                                                                                                                  │
│                          ││                                                                                                                                  │
│                          ││                                                                                                                                  │
│                          ││                                                                                                                                  │
│                          ││                                                                                                                                  │
│                          ││                                                                                                                                  │
│                          ││                                                                                                                                  │
│                          ││                                                                                                                                  │
│                          ││                                                                                                                                  │
│                          ││                                                                                                                                  │
│                          ││                                                                                                                                  │
│                          ││                                                                                                                                  │
│                          ││                                                                                                                                  │
│                          ││                                                                                                                                  │
│                          ││                                                                                                                                  │
│                          ││                                                                                                                                  │
│                          ││                                                                                                                                  │
│                          ││                                                                                                                                  │
│                          ││                                                                                                                                  │
│                          ││                                                                                                                                  │
│                          ││                                                                                                                                  │
│                          ││                                                                                                                                  │
│                          ││                                                                                                                                  │
│                          ││                                                                                                                                  │
│                          ││                                                                                                                                  │
│                          │└──────────────────────────────────────────────────────────────────────────────────────────────────────────────────────────────────┘
│                          │┌  Results (0)─────────────────────────────────────────────────────────────────────────────────────────────────────────────────────┐
│                          ││[Grid] Explain  Messages                                                                                                          │
│                          ││                                                                                                                                  │
│                          ││                                                                                                                                  │
│                          ││                                                                                                                                  │
│                          ││                                                                                                                                  │
│                          ││                                                                                                                                  │
│                          ││                                                                                                                                  │
│                          ││                                                                                                                                  │
│                          ││                                                                                                                                  │
│                          ││                                                                                                                                  │
└──────────────────────────┘└──────────────────────────────────────────────────────────────────────────────────────────────────────────────────────────────────┘
local  Ctrl+Enter run  Ctrl+N new sql  Ctrl+W close                                                                                                   Ctrl+P  F1
