---
source: crates/dexo-tui/tests/snapshots.rs
assertion_line: 160
expression: "render_to_string(&model, 60, 20)"
---
demo  local  public                                         
┌▸ DDL─────────────────────────────────────────────────────┐
┌DDL preview───────────────────────────────────────────────┐
│target: public.orders                                     │
│risk: destructive=false lock=AccessExclusive              │
│CREATE TABLE public.orders                                │
│ready                                                     │
│                                                          │
│                                                          │
│                                                          │
│                                                          │
│                                                          │
│                                                          │
│                                                          │
│                                                          │
└──────────────────────────────────────────────────────────┘
│                                                          │
│                                                          │
└──────────────────────────────────────────────────────────┘
connected:local  tx:idle  FOCUS: Editor  layout:normal  rows
