---
source: crates/dexo-tui/tests/snapshots.rs
expression: "render_to_string(&model, 100, 30)"
---
demo  local  public                                                                                 
┌  Sidebar─────────────────┐                                                                        
│Connections  [n]ew [e]dit │ scratch.sql ×  +                                                       
│  ● local▾  [offline]     │┌▸ SQL · scratch.sql───────────────────────────────────────────────────┐
│>   ▸ public              ││   1▸select 1                                                         │
│      mysql.users [restric││                                                                      │
│                          ││                                                                      │
│                          ││                                                                      │
│                          ││                                                                      │
│                          ││                                                                      │
│                          ││                                                                      │
│                          ││                                                                      │
│                          ││                                                                      │
│                          ││                                                                      │
│                          ││                                                                      │
│                          ││                                                                      │
│                          │└──────────────────────────────────────────────────────────────────────┘
│                          │┌  Results (0)─────────────────────────────────────────────────────────┐
│                          ││ Grid [Explain] Messages  │ Table                                     │
│                          ││explain captured_at=1710000000 paused=false analyze=true confirmed=tru│
│                          ││pathkindrelationcostrows_estrows_acttime_msloopsheuristic             │
│                          ││0Seq Scanitems22.51010000.181actual rows >> estimate (heuristic)      │
│                          ││raw_bytes=59                                                          │
│                          ││                                                                      │
│                          ││                                                                      │
│                          ││                                                                      │
│                          ││                                                                      │
│                          ││                                                                      │
└──────────────────────────┘└──────────────────────────────────────────────────────────────────────┘
local  Ctrl+Enter run  Ctrl+N new sql  Ctrl+W close                                       Ctrl+P  F1
