---
source: crates/dexo-tui/tests/snapshots.rs
assertion_line: 94
expression: "render_to_string(&snapshot_model(), 100, 30)"
---
demo  local  public                                                                                 
┌  Explorer────────────────┐ SQL │ Data │ DDL │ Properties │ Explain                                
│[offline]                 │┌▸ SQL · scratch.sql───────────────────────────────────────────────────┐
│ ▾ local                  ││   1▸select 1                                                         │
│>  ▸ public               ││                                                                      │
│     mysql.users [restrict││                                                                      │
│                          ││                                                                      │
│                          ││                                                                      │
│                          ││                                                                      │
│                          ││                                                                      │
│                          ││                                                                      │
│                          ││                                                                      │
│                          ││                                                                      │
│                          ││                                                                      │
│                          ││                                                                      │
│                          ││                                                                      │
│                          │└──────────────────────────────────────────────────────────────────────┘
│                          │┌  Results (0)─────────────────────────────────────────────────────────┐
│                          ││                                                                      │
│                          ││                                                                      │
│                          ││                                                                      │
│                          ││                                                                      │
│                          ││                                                                      │
│                          ││                                                                      │
│                          ││                                                                      │
│                          ││                                                                      │
│                          ││                                                                      │
│                          ││                                                                      │
└──────────────────────────┘└──────────────────────────────────────────────────────────────────────┘
connected:local  tx:idle  FOCUS: Editor  layout:normal  rows:0  ctrl+p palette  F1 help
