---
source: crates/dexo-tui/tests/snapshots.rs
expression: "render_to_string(&model, 160, 50)"
---
 Workbench  Connections  Agents  Server [Compare] History   demo  local  public                                                                                 
 From ‹ prod@v1 › ⇄  To ‹ prod@v2 ›  [a +1 added] [r −1 removed] [c ~1 changed]                                                            [s Swap]  [e Compare]
/ search                                                                                                                                                        
┌▸ Differences (3)────────────────────────────────────────────────┐┌  db.public.orders_new─────────────────────────────────────────────────────────────────────┐
│  Tables                                                         ││ [⏎ Open script]  [w Whole script]  [y Copy]                                               │
│> + db.public.orders_new                                         ││                                                                                           │
│  − db.public.gone  drops it, may lose data, cannot be undone    ││ Change  added                                                                             │
│  Columns                                                        ││ Object  table db.public.orders_new                                                        │
│  ~ db.public.users.age  may lose data, cannot be undone         ││ Risk    none                                                                              │
│                                                                 ││                                                                                           │
│                                                                 ││ No statement: this difference is left to be made by hand.                                 │
│                                                                 ││                                                                                           │
│                                                                 ││                                                                                           │
│                                                                 ││                                                                                           │
│                                                                 ││                                                                                           │
│                                                                 ││                                                                                           │
│                                                                 ││                                                                                           │
│                                                                 ││                                                                                           │
│                                                                 ││                                                                                           │
│                                                                 ││                                                                                           │
│                                                                 ││                                                                                           │
│                                                                 ││                                                                                           │
│                                                                 ││                                                                                           │
│                                                                 ││                                                                                           │
│                                                                 ││                                                                                           │
│                                                                 ││                                                                                           │
│                                                                 ││                                                                                           │
│                                                                 ││                                                                                           │
│                                                                 ││                                                                                           │
│                                                                 ││                                                                                           │
│                                                                 ││                                                                                           │
│                                                                 ││                                                                                           │
│                                                                 ││                                                                                           │
│                                                                 ││                                                                                           │
│                                                                 ││                                                                                           │
│                                                                 ││                                                                                           │
│                                                                 ││                                                                                           │
│                                                                 ││                                                                                           │
│                                                                 ││                                                                                           │
│                                                                 ││                                                                                           │
│                                                                 ││                                                                                           │
│                                                                 ││                                                                                           │
│                                                                 ││                                                                                           │
│                                                                 ││                                                                                           │
│                                                                 ││                                                                                           │
│                                                                 ││                                                                                           │
│                                                                 ││                                                                                           │
│                                                                 ││                                                                                           │
└─────────────────────────────────────────────────────────────────┘└───────────────────────────────────────────────────────────────────────────────────────────┘
Compare  Up/Down pick  / search  a/r/c filter  p sources  PgUp/PgDn read  Esc back                                                                    Ctrl+P  F1
