---
source: crates/dexo-tui/tests/snapshots.rs
expression: "render_to_string(&model, 160, 50)"
---
demo  local  public                                                                                                                                             
┌  Sidebar─────────────────┐ SQL │ Data │ DDL │ Properties │ Explain                                                                ┌  Inspector───────────────┐
│Connections  [n]ew [e]dit │┌▸ DDL─────────────────────────────────────────────────────────────────────────────────────────────────┐│[Props] DDL Deps Privs    │
│  ● local▾  [offline]     ││schema table                                                                                          ││No selection              │
│>   ▸ public              ││> target: public.orders                                                                               ││                          │
│      mysql.users [restric││  columns:                                                                                            ││                          │
│                          ││  defaults:                                                                                           ││                          │
│                          ││  indexes:                                                                                            ││                          │
│                          ││  constraints:                                                                                        ││                          │
│                          ││  foreign_keys:                                                                                       ││                          │
│                          ││error: columns are required                                                                           ││                          │
│                          ││                                                                                                      ││                          │
│                          ││                                                                                                      ││                          │
│                          ││                                                                                                      ││                          │
│                          ││                                                                                                      ││                          │
│                          ││                                                                                                      ││                          │
│                          ││                                                                                                      ││                          │
│                          ││                                                                                                      ││                          │
│                          ││                                                                                                      ││                          │
│                          ││                                                                                                      ││                          │
│                          ││                                                                                                      ││                          │
│                          ││                                                                                                      ││                          │
│                          ││                                                                                                      ││                          │
│                          ││                                                                                                      ││                          │
│                          ││                                                                                                      ││                          │
│                          ││                                                                                                      ││                          │
│                          ││                                                                                                      ││                          │
│                          ││                                                                                                      ││                          │
│                          ││                                                                                                      ││                          │
│                          ││                                                                                                      ││                          │
│                          ││                                                                                                      ││                          │
│                          ││                                                                                                      ││                          │
│                          ││                                                                                                      ││                          │
│                          ││                                                                                                      ││                          │
│                          ││                                                                                                      ││                          │
│                          ││                                                                                                      ││                          │
│                          │└──────────────────────────────────────────────────────────────────────────────────────────────────────┘│                          │
│                          │┌  Results (0)─────────────────────────────────────────────────────────────────────────────────────────┐│                          │
│                          ││                                                                                                      ││                          │
│                          ││                                                                                                      ││                          │
│                          ││                                                                                                      ││                          │
│                          ││                                                                                                      ││                          │
│                          ││                                                                                                      ││                          │
│                          ││                                                                                                      ││                          │
│                          ││                                                                                                      ││                          │
│                          ││                                                                                                      ││                          │
│                          ││                                                                                                      ││                          │
│                          ││                                                                                                      ││                          │
└──────────────────────────┘└──────────────────────────────────────────────────────────────────────────────────────────────────────┘└──────────────────────────┘
connected:local  tx:idle  FOCUS: Editor  layout:normal  rows:0  ctrl+p palette  F1 help  click panes · drag edges  Ctrl+Enter run  Ctrl+N new sql  Ctrl+W close
