---
source: crates/dexo-tui/tests/snapshots.rs
expression: "render_to_string(&model, 60, 20)"
---
┌Compare Schema · prod@v1──────────────────────────────────┐
│prod@v1 -> prod@v2: 3 differences                         │
│Show: [x] added 1  [ ] removed 1  [x] changed 1   (a / r …│
│                                                          │
│> added    table db.public.orders_new                     │
│  changed  column db.public.users.age  (may lose data, ca…│
│                                                          │
│Migration script                                          │
│  DROP TABLE db.public.gone;                              │
│ [Open script]   [Cancel]                                 │
│  a/r/c filter  Enter opens the script  Esc closes        │
│                                                          │
│                                                          │
│                                                          │
│                                                          │
│                                                          │
│                                                          │
└──────────────────────────────────────────────────────────┘
└──────────────────────────────────────────────────────────┘
local  Ctrl+J run  Ctrl+N new sql  Ctrl+W close   Ctrl+P  F1
