---
source: crates/dexo-tui/tests/snapshots.rs
expression: "render_to_string(&model, 100, 30)"
---
demo  local  public                                                                                 
┌Explorer──────────────────┐ SQL │ Data │ DDL │ Properties │ Explain                                
│[offline]                 │┌SQL───────────────────────────────────────────────────────────────────┐
│▾ local                   ││select 1                                                              │
│  ▸ public   ┌Transfer──────────────────────────────────────────────────────────────┐             │
│  ▸ mysql.use│import orders.csv                                                     │             │
│actions: prop│format=csv strategy=RejectFile                                        │             │
│selected: loc│progress rows=0 bytes=0 running=false                                 │             │
│             │preview:                                                              │             │
│             │id,name                                                               │             │
│             │1,ok                                                                  │             │
│             │2,BAD                                                                 │             │
│             │                                                                      │             │
│             │                                                                      │             │
│             │                                                                      │             │
│             │                                                                      │             │
│             │                                                                      │             │
│             │                                                                      │             │
│             │                                                                      │             │
│             └──────────────────────────────────────────────────────────────────────┘             │
│                          │└──────────────────────────────────────────────────────────────────────┘
│                          │┌Results (0)───────────────────────────────────────────────────────────┐
│                          ││                                                                      │
│                          ││                                                                      │
│                          ││                                                                      │
│                          ││                                                                      │
│                          ││                                                                      │
│                          ││                                                                      │
└──────────────────────────┘└──────────────────────────────────────────────────────────────────────┘
connected:local  tx:idle  rows:0  ctrl+p palette
