---
source: crates/dexo-tui/tests/snapshots.rs
assertion_line: 195
expression: "render_to_string(&model, 60, 20)"
---
demo  local  public          1 Sidebar  [2 SQL]  3 Results  
 local·scratch.sql ×  +                                     
┌Schema · local────────────────────────────────────────────┐
│New table:                                                │
│> target: public.orders                                   │
│  columns: id bigint identity pk                          │
│  constraints:                                            │
│  foreign_keys:                                           │
│                                                          │
│  columns: name type [pk] [not null] [unique] [identity]  │
│    [default x], ...                                      │
│  a type may hold commas: numeric(10,2)                   │
│  constraints: check (price > 0), unique (a, b)           │
│  foreign_keys: customer_id references customers(id)      │
│                                                          │
│ [Preview]   [Cancel]                                     │
│  tab/arrows move  enter preview  esc cancel              │
│                                                          │
│                                                          │
└──────────────────────────────────────────────────────────┘
