---
source: crates/dexo-tui/tests/snapshots.rs
assertion_line: 291
expression: "render_to_string(&model, 60, 20)"
---
demo  local  public          1 Sidebar  [2 SQL]  3 Results  
 scratch.sql ×  +                                           
┌▸ SQL · scratch.sql───────────────────────────────────────┐
┌Enable MCP profile────────────────────────────────────────┐
│Enable assistant?                                         │
│Agents that connect through it can then use what it allows│
│Connections: local.                                       │
│                                                          │
│ [Enable]  >[Cancel]                                      │
└──────────────────────────────────────────────────────────┘
│                                                          │
│                                                          │
│                                                          │
│                                                          │
│                                                          │
│                                                          │
│                                                          │
│                                                          │
└──────────────────────────────────────────────────────────┘
local                                             Ctrl+P  F1
