---
source: crates/dexo-tui/tests/snapshots.rs
expression: "render_to_string(&model, 60, 20)"
---
demo  local  public                                         
┌Explain───────────────────────────────────────────────────┐
│explain captured_at=1710000000 paused=false analyze=true c│
│nodes=1 scans=1 planning_ms=0.04 execution_ms=0.21 raw_byt│
│raw_bytes=59                                              │
│                                                          │
│                                                          │
│                                                          │
│                                                          │
│                                                          │
│                                                          │
│                                                          │
│                                                          │
│                                                          │
│                                                          │
│                                                          │
│                                                          │
│                                                          │
└──────────────────────────────────────────────────────────┘
connected:local  tx:idle  rows:0  ctrl+p palette
