---
source: crates/dexo-tui/tests/sprint14_screens.rs
expression: "render_to_string(&model, 60, 20)"
---
default  no connection  —                                   
┌▸ SQL · scratch.sql───────────────────────────────────────┐
┌Settings──────────────────────────────────────────────────┐
│theme=dark                                                │
│keymap=default                                            │
│mouse=true                                                │
│animation=true                                            │
│unicode=true                                              │
│confirm_reset=false                                       │
│diff no changes                                           │
│                                                          │
│                                                          │
│                                                          │
└──────────────────────────────────────────────────────────┘
│                                                          │
│                                                          │
│                                                          │
│                                                          │
└──────────────────────────────────────────────────────────┘
disconnected  tx:idle  FOCUS: Editor  layout:normal  rows:0
