---
source: crates/dexo-tui/tests/sprint14_screens.rs
expression: "render_to_string(&model, 160, 50)"
---
default  no connection  —                                                                                                                                       
┌  Sidebar─────────────────┐ scratch.sql ×  +                                                                                                                   
│[n]ew [e]dit [a]ctions    │┌▸ SQL · scratch.sql───────────────────────────────────────────────────────────────────────────────────────────────────────────────┐
│No connections — press n  ││   1                                                                                                                              │
│                          ││                                                                                                                                  │
│                          ││                                                                                                                                  │
│                          ││                                                                                                                                  │
│                          ││                                                                                                                                  │
│                          ││ ┌MCP profiles──────────────────────────────────────────────────────────────────────────────────────┐                             │
│                          ││ │> assistant  disabled  1 grant                                                                    │                             │
│                          ││ │                                                                                                  │                             │
│                          ││ │assistant is disabled: agents cannot use it yet.                                                  │                             │
│                          ││ │Connections: local                                                                                │                             │
│                          ││ │Reads: structured tools only                                                                      │                             │
│                          ││ ┌Agent activity────────────────────────────────────────────────────────────────────────────────────┐                             │
│                          ││ │No agent's write is waiting for approval.                                                         │                             │
│                          ││ │                                                                                                  │                             │
│                          ││ │Recent activity                                                                                   │                             │
│                          ││ │  assistant tools/call catalog_search allow db.public.items                                       │                             │
│                          ││ │a approve  d deny  up/down pick  PgUp/PgDn scroll  R revoke all grants  esc close                 │                             │
│                          ││ └──────────────────────────────────────────────────────────────────────────────────────────────────┘                             │
│                          ││ │                                                                                                  │                             │
│                          ││ │                                                                                                  │                             │
│                          ││ │                                                                                                  │                             │
│                          ││ │                                                                                                  │                             │
│                          ││ │                                                                                                  │                             │
│                          ││ │                                                                                                  │                             │
│                          ││ │                                                                                                  │                             │
│                          ││ │                                                                                                  │                             │
│                          ││ │                                                                                                  │                             │
│                          ││ │                                                                                                  │                             │
│                          ││ │e enable/disable  g new grant  r revoke grants  R revoke all  x delete  Up/Down pick  PgUp/PgDn   │                             │
│                          ││ │details  Esc close                                                                                │                             │
│                          ││ └──────────────────────────────────────────────────────────────────────────────────────────────────┘                             │
│                          ││                                                                                                                                  │
│                          ││                                                                                                                                  │
│                          │└──────────────────────────────────────────────────────────────────────────────────────────────────────────────────────────────────┘
│                          │┌  Results─────────────────────────────────────────────────────────────────────────────────────────────────────────────────────────┐
│                          ││[Grid] Explain  Messages                                                                                                          │
│                          ││                                                                                                                                  │
│                          ││                                                                                                                                  │
│                          ││                                                                                                                                  │
│                          ││                                                                                                                                  │
│                          ││                                                                                                                                  │
│                          ││                                                                                                                                  │
│                          ││                                                                                                                                  │
│                          ││                                                                                                                                  │
│                          ││                                                                                                                                  │
└──────────────────────────┘└──────────────────────────────────────────────────────────────────────────────────────────────────────────────────────────────────┘
disconnected  Ctrl+J run  Ctrl+N new sql  Ctrl+W close                                                                                                Ctrl+P  F1
