---
source: crates/dexo-tui/tests/sprint14_screens.rs
expression: "render_to_string(&model, 60, 20)"
---
default  no connection  —                                   
 scratch.sql ×  +                                           
┌Settings──────────────────────────────────────────────────┐
│> Mode       [Dark]  Light   Low color                    │
│  Accent     [Cyan]  Blue   Violet   Green   Amber   Rose │
│  Keymap     [Default]  Vim   Emacs                       │
│  Mouse      [On]  Off                                    │
│  Animation  [On]  Off                                    │
│  Unicode    [On]  Off                                    │
│                                                          │
│  [Reset to defaults]                                     │
│  up/down field  left/right change  r reset  esc close    │
│                                                          │
└──────────────────────────────────────────────────────────┘
│                                                          │
│                                                          │
│                                                          │
│                                                          │
└──────────────────────────────────────────────────────────┘
disconnected  Ctrl+Enter run  Ctrl+N new sql      Ctrl+P  F1
