---
source: crates/dexo-tui/tests/sprint14_screens.rs
assertion_line: 15
expression: "render_to_string(&model, 44, 20)"
---
default  no connection  —        1  [2]  3  
 scratch.sql ×  +                           
┌▸ SQL · scratch.sql───────────────────────┐
┌Settings──────────────────────────────────┐
│> Theme      1/6  Dexo                    │
│  Mode       Dark                         │
│  Accent     Cyan                         │
│  Keymap     Default                      │
│  Mouse      On                           │
│  Animation  On                           │
│  Unicode    On                           │
│  Updates    On                           │
│                                          │
│  [Reset to defaults]                     │
│  arrows  e theme  r reset  Esc close     │
└──────────────────────────────────────────┘
│                                          │
│                                          │
└──────────────────────────────────────────┘
disconnected                      Ctrl+P  F1
