---
source: crates/dexo-tui/tests/sprint14_screens.rs
assertion_line: 40
expression: "render_to_string(&model, 100, 30)"
---
default  no connection  —                                                                           
┌  Explorer────────────────┐ SQL │ Data │ DDL │ Properties │ Explain                                
│No connection             │┌> SQL · scratch.sql───────────────────────────────────────────────────┐
│                          ││   1                                                                  │
│                          ││                                                                      │
│             ┌MCP profiles──────────────────────────────────────────────────────────┐             │
│             │mcp profile=assistant enabled=false confirm=false                     │             │
│             │scope allow db.public.*                                               │             │
│             │scope deny db.public.secrets                                          │             │
│             │tool catalog_search                                                   │             │
│             │tool object_describe                                                  │             │
│             │resource db.public.items                                              │             │
│             │grant data_write data_insert 900s                                     │             │
│             │diff profile db.public.* -> grant db.public.items                     │             │
│             │confirm revoke all grants                                             │             │
│             │                                                                      │             │
│             │                                                                      │─────────────┘
│             │                                                                      │─────────────┐
│             └──────────────────────────────────────────────────────────────────────┘             │
│                          ││                                                                      │
│                          ││                                                                      │
│                          ││                                                                      │
│                          ││                                                                      │
│                          ││                                                                      │
│                          ││                                                                      │
│                          ││                                                                      │
│                          ││                                                                      │
│                          ││                                                                      │
└──────────────────────────┘└──────────────────────────────────────────────────────────────────────┘
disconnected  tx:idle  FOCUS: Editor  layout:normal  rows:0  ctrl+p palette  F1 help
