---
source: crates/dexo-tui/tests/sprint14_screens.rs
expression: "render_to_string(&model, 100, 30)"
---
default  no connection  —                                                                           
┌  Sidebar─────────────────┐ scratch.sql ×  +                                                       
│[n]ew [e]dit [a]ctions    │┌> SQL · scratch.sql───────────────────────────────────────────────────┐
│No connections — press n  ││   1                                                                  │
│                          ││                                                                      │
│             ┌MCP profiles──────────────────────────────────────────────────────────┐             │
│             │mcp profile=assistant enabled=false confirm=false                     │             │
│             │scope allow db.public.*                                               │             │
│             │scope deny db.public.secrets                                          │             │
│             │tool catalog_search                                                   │             │
│             │tool object_describe                                                  │             │
│             │resource db.public.items                                              │             │
│             │grant data_write data_insert 900s                                     │             │
│             │diff profile db.public.* -> grant db.public.items                     │             │
│             │confirm revoke all grants                                             │             │
│             │e enable/disable  r revoke profile  R revoke all  up/down select  esc │             │
│             │                                                                      │─────────────┘
│             │                                                                      │─────────────┐
│             └──────────────────────────────────────────────────────────────────────┘             │
│                          ││                                                                      │
│                          ││                                                                      │
│                          ││                                                                      │
│                          ││                                                                      │
│                          ││                                                                      │
│                          ││                                                                      │
│                          ││                                                                      │
│                          ││                                                                      │
│                          ││                                                                      │
└──────────────────────────┘└──────────────────────────────────────────────────────────────────────┘
disconnected  Ctrl+Enter run  Ctrl+N new sql  Ctrl+W close                                Ctrl+P  F1
