---
source: crates/dexo-tui/tests/sprint14_screens.rs
expression: "render_to_string(&model, 160, 50)"
---
default  no connection  —                                                                                                                                       
┌  Sidebar─────────────────┐ SQL │ Data │ DDL │ Properties                                                                                                      
│Connections  [n]ew [e]dit │ scratch.sql ×  +                                                                                                                   
│No connections — press n  │┌▸ SQL · scratch.sql───────────────────────────────────────────────────────────────────────────────────────────────────────────────┐
│                          ││   1                                                                                                                              │
│                          ││                                                                                                                                  │
│                          ││                                                                                                                                  │
│                          ││                                                                                                                                  │
│                          ││                                                                                                                                  │
│                          ││                                                                                                                                  │
│                          ││                                                                                                                                  │
│                          ││                                                                                                                                  │
│                          ││                   ┌Session recovery──────────────────────────────────────────────┐                                               │
│                          ││                   │recovery open=true                                            │                                               │
│                          ││                   │transaction=unknown                                           │                                               │
│                          ││                   │confirm_discard=false                                         │                                               │
│                          ││                   │document scratch.sql                                          │                                               │
│                          ││                   │                                                              │                                               │
│                          ││                   │                                                              │                                               │
│                          ││                   │                                                              │                                               │
│                          ││                   │                                                              │                                               │
│                          ││                   │                                                              │                                               │
│                          ││                   │                                                              │                                               │
│                          ││                   └──────────────────────────────────────────────────────────────┘                                               │
│                          ││                                                                                                                                  │
│                          ││                                                                                                                                  │
│                          ││                                                                                                                                  │
│                          ││                                                                                                                                  │
│                          ││                                                                                                                                  │
│                          ││                                                                                                                                  │
│                          ││                                                                                                                                  │
│                          ││                                                                                                                                  │
│                          ││                                                                                                                                  │
│                          ││                                                                                                                                  │
│                          ││                                                                                                                                  │
│                          ││                                                                                                                                  │
│                          │└──────────────────────────────────────────────────────────────────────────────────────────────────────────────────────────────────┘
│                          │┌  Results (0)─────────────────────────────────────────────────────────────────────────────────────────────────────────────────────┐
│                          ││[Grid] Explain                                                                                                                    │
│                          ││                                                                                                                                  │
│                          ││                                                                                                                                  │
│                          ││                                                                                                                                  │
│                          ││                                                                                                                                  │
│                          ││                                                                                                                                  │
│                          ││                                                                                                                                  │
│                          ││                                                                                                                                  │
│                          ││                                                                                                                                  │
│                          ││                                                                                                                                  │
└──────────────────────────┘└──────────────────────────────────────────────────────────────────────────────────────────────────────────────────────────────────┘
disconnected  tx:idle  FOCUS: Editor  layout:normal  rows:0  ctrl+p palette  F1 help  click panes · drag edges  Ctrl+Enter run  Ctrl+N new sql  Ctrl+W close
