---
source: crates/dexo-tui/tests/sprint14_screens.rs
expression: "render_to_string(&model, 60, 20)"
---
default  no connection  —                                   
 scratch.sql ×  +                                           
┌Settings──────────────────────────────────────────────────┐
│> Theme      Dark                                         │
│  Keymap     Default                                      │
│  Mouse      On                                           │
│  Animation  On                                           │
│  Unicode    On                                           │
│                                                          │
│  [Reset to defaults]                                     │
│  up/down move  enter change  esc close                   │
│                                                          │
│                                                          │
└──────────────────────────────────────────────────────────┘
│                                                          │
│                                                          │
│                                                          │
│                                                          │
└──────────────────────────────────────────────────────────┘
disconnected  tx:idle  FOCUS: Editor  layout:normal  rows:0
