---
source: crates/dexo-tui/tests/sprint14_screens.rs
expression: "render_to_string(&model, 60, 20)"
---
default  no connection  —                                   
 scratch.sql ×  +                                           
┌Session recovery──────────────────────────────────────────┐
│recovery open=true                                        │
│transaction=unknown                                       │
│confirm_discard=false                                     │
│document scratch.sql                                      │
│                                                          │
│                                                          │
│                                                          │
│                                                          │
│                                                          │
│                                                          │
└──────────────────────────────────────────────────────────┘
│                                                          │
│                                                          │
│                                                          │
│                                                          │
└──────────────────────────────────────────────────────────┘
disconnected  tx:idle  FOCUS: Editor  layout:normal  rows:0
