---
source: crates/dexo-tui/tests/sprint14_screens.rs
expression: "render_to_string(&model, 160, 50)"
---
default  no connection  —                                                                                                                                       
┌  Explorer────────────────┐ SQL │ Data │ DDL │ Properties │ Explain                                                                ┌  Inspector · properties──┐
│No connection             │ scratch.sql                                                                                            │No selection              │
│                          │┌▸ SQL · scratch.sql───────────────────────────────────────────────────────────────────────────────────┐│                          │
│                          ││   1                                                                                                  ││                          │
│                          ││                                                                                                      ││                          │
│                          ││                                                                                                      ││                          │
│                          ││                                                                                                      ││                          │
│                          ││                                                                                                      ││                          │
│                          ││                                                                                                      ││                          │
│                          ││                                                                                                      ││                          │
│                          ││                                                                                                      ││                          │
│                          ││               ┌MCP audit─────────────────────────────────────────────────────────────┐               ││                          │
│                          ││               │mcp audit confirm_revoke=false                                        │               ││                          │
│                          ││               │audit allow catalog_search db.public.items                            │               ││                          │
│                          ││               │                                                                      │               ││                          │
│                          ││               │                                                                      │               ││                          │
│                          ││               │                                                                      │               ││                          │
│                          ││               │                                                                      │               ││                          │
│                          ││               │                                                                      │               ││                          │
│                          ││               │                                                                      │               ││                          │
│                          ││               │                                                                      │               ││                          │
│                          ││               │                                                                      │               ││                          │
│                          ││               └──────────────────────────────────────────────────────────────────────┘               ││                          │
│                          ││               │                                                                      │               ││                          │
│                          ││               └──────────────────────────────────────────────────────────────────────┘               ││                          │
│                          ││                                                                                                      ││                          │
│                          ││                                                                                                      ││                          │
│                          ││                                                                                                      ││                          │
│                          ││                                                                                                      ││                          │
│                          ││                                                                                                      ││                          │
│                          ││                                                                                                      ││                          │
│                          ││                                                                                                      ││                          │
│                          ││                                                                                                      ││                          │
│                          ││                                                                                                      ││                          │
│                          ││                                                                                                      ││                          │
│                          │└──────────────────────────────────────────────────────────────────────────────────────────────────────┘│                          │
│                          │┌  Results (0)─────────────────────────────────────────────────────────────────────────────────────────┐│                          │
│                          ││                                                                                                      ││                          │
│                          ││                                                                                                      ││                          │
│                          ││                                                                                                      ││                          │
│                          ││                                                                                                      ││                          │
│                          ││                                                                                                      ││                          │
│                          ││                                                                                                      ││                          │
│                          ││                                                                                                      ││                          │
│                          ││                                                                                                      ││                          │
│                          ││                                                                                                      ││                          │
│                          ││                                                                                                      ││                          │
└──────────────────────────┘└──────────────────────────────────────────────────────────────────────────────────────────────────────┘└──────────────────────────┘
disconnected  tx:idle  FOCUS: Editor  layout:normal  rows:0  ctrl+p palette  F1 help  Ctrl+W close tab  Ctrl+Tab next
