---
source: crates/dexo-tui/tests/sprint14_screens.rs
assertion_line: 42
expression: "render_to_string(&model, 100, 30)"
---
 Workbench  Connections [Agents] Server  Compare  History   default  no connection  -               
 1 Approvals   2 Activity  [3 Profiles]                                                             
┌> Profiles (1)──────────────────────────┐┌  assistant─────────────────────────────────────────────┐
│> assistant  disabled  1 grant          ││assistant is disabled: agents cannot use it yet.        │
│                                        ││Connections: local                                      │
│                                        ││Reads: structured tools only                            │
│                                        ││Objects it can see: db.public.*                         │
│                                        ││  never: db.public.secrets                              │
│                                        ││Tools set by hand: catalog_search, object_describe      │
│                                        ││Grants (1): agents may write while they last            │
│                                        ││  data_insert on db.public.items (local): one write,    │
│                                        ││    then it is spent, ends in 15 min                    │
│                                        ││                                                        │
│                                        ││                                                        │
│                                        ││                                                        │
│                                        ││                                                        │
│                                        ││                                                        │
│                                        ││                                                        │
│                                        ││                                                        │
│                                        ││                                                        │
│                                        ││                                                        │
│                                        ││                                                        │
│                                        ││                                                        │
│                                        ││                                                        │
│                                        ││                                                        │
│                                        ││                                                        │
│                                        ││                                                        │
│                                        ││                                                        │
└────────────────────────────────────────┘└────────────────────────────────────────────────────────┘
Agents  e enable  g grant  r revoke  R revoke all  x delete  PgUp/PgDn read  1-3 views    Ctrl+P  F1
