---
source: crates/dexo-tui/tests/sprint14_screens.rs
expression: "render_to_string(&model, 160, 50)"
---
default  no connection  —                                                                                                                                       
┌  Sidebar─────────────────┐ scratch.sql ×  +                                                                                                                   
│[n]ew [e]dit [a]ctions    │┌▸ SQL · scratch.sql───────────────────────────────────────────────────────────────────────────────────────────────────────────────┐
│No connections — press n  ││   1                                                                                                                              │
│                          ││                                                                                                                                  │
│                          ││                                                                                                                                  │
│                          ││                                                                                                                                  │
│                          ││                                                                                                                                  │
│                          ││                                                                                                                                  │
│                          ││                                                                                                                                  │
│                          ││                                                                                                                                  │
│                          ││                                                                                                                                  │
│                          ││               ┌MCP audit─────────────────────────────────────────────────────────────┐                                           │
│                          ││               │mcp audit confirm_revoke=false                                        │                                           │
│                          ││               │audit allow catalog_search db.public.items                            │                                           │
│                          ││               │                                                                      │                                           │
│                          ││               │                                                                      │                                           │
│                          ││               │                                                                      │                                           │
│                          ││               │                                                                      │                                           │
│                          ││               │                                                                      │                                           │
│                          ││               │                                                                      │                                           │
│                          ││               │                                                                      │                                           │
│                          ││               │                                                                      │                                           │
│                          ││               └──────────────────────────────────────────────────────────────────────┘                                           │
│                          ││               │                                                                      │                                           │
│                          ││               └──────────────────────────────────────────────────────────────────────┘                                           │
│                          ││                                                                                                                                  │
│                          ││                                                                                                                                  │
│                          ││                                                                                                                                  │
│                          ││                                                                                                                                  │
│                          ││                                                                                                                                  │
│                          ││                                                                                                                                  │
│                          ││                                                                                                                                  │
│                          ││                                                                                                                                  │
│                          ││                                                                                                                                  │
│                          ││                                                                                                                                  │
│                          │└──────────────────────────────────────────────────────────────────────────────────────────────────────────────────────────────────┘
│                          │┌  Results (0)─────────────────────────────────────────────────────────────────────────────────────────────────────────────────────┐
│                          ││[Grid] Explain  Messages                                                                                                          │
│                          ││                                                                                                                                  │
│                          ││                                                                                                                                  │
│                          ││                                                                                                                                  │
│                          ││                                                                                                                                  │
│                          ││                                                                                                                                  │
│                          ││                                                                                                                                  │
│                          ││                                                                                                                                  │
│                          ││                                                                                                                                  │
│                          ││                                                                                                                                  │
└──────────────────────────┘└──────────────────────────────────────────────────────────────────────────────────────────────────────────────────────────────────┘
disconnected  Ctrl+Enter run  Ctrl+N new sql  Ctrl+W close                                                                                            Ctrl+P  F1
