---
source: crates/dexo-tui/tests/sprint14_screens.rs
expression: "render_to_string(&model, 160, 50)"
---
default  no connection  —                                                                                                                                       
┌  Sidebar─────────────────┐ SQL │ Data │ DDL │ Properties │ Explain                                                                ┌  Inspector · properties──┐
│Connections               │ scratch.sql ×  +                                                                                       │No selection              │
│No connections — press n  │┌▸ SQL · scratch.sql───────────────────────────────────────────────────────────────────────────────────┐│                          │
│Catalog                   ││   1                                                                                                  ││                          │
│Select a connection       ││                                                                                                      ││                          │
│                          ││                                                                                                      ││                          │
│                          ││                                                                                                      ││                          │
│                          ││                                                                                                      ││                          │
│                          ││                                                                                                      ││                          │
│                          ││                                                                                                      ││                          │
│                          ││                                                                                                      ││                          │
│                          ││                   ┌Session recovery──────────────────────────────────────────────┐                   ││                          │
│                          ││                   │recovery open=true                                            │                   ││                          │
│                          ││                   │transaction=unknown                                           │                   ││                          │
│                          ││                   │confirm_discard=false                                         │                   ││                          │
│                          ││                   │document scratch.sql                                          │                   ││                          │
│                          ││                   │                                                              │                   ││                          │
│                          ││                   │                                                              │                   ││                          │
│                          ││                   │                                                              │                   ││                          │
│                          ││                   │                                                              │                   ││                          │
│                          ││                   │                                                              │                   ││                          │
│                          ││                   │                                                              │                   ││                          │
│                          ││                   └──────────────────────────────────────────────────────────────┘                   ││                          │
│                          ││                                                                                                      ││                          │
│                          ││                                                                                                      ││                          │
│                          ││                                                                                                      ││                          │
│                          ││                                                                                                      ││                          │
│                          ││                                                                                                      ││                          │
│                          ││                                                                                                      ││                          │
│                          ││                                                                                                      ││                          │
│                          ││                                                                                                      ││                          │
│                          ││                                                                                                      ││                          │
│                          ││                                                                                                      ││                          │
│                          ││                                                                                                      ││                          │
│                          ││                                                                                                      ││                          │
│                          │└──────────────────────────────────────────────────────────────────────────────────────────────────────┘│                          │
│                          │┌  Results (0)─────────────────────────────────────────────────────────────────────────────────────────┐│                          │
│                          ││                                                                                                      ││                          │
│                          ││                                                                                                      ││                          │
│                          ││                                                                                                      ││                          │
│                          ││                                                                                                      ││                          │
│                          ││                                                                                                      ││                          │
│                          ││                                                                                                      ││                          │
│                          ││                                                                                                      ││                          │
│                          ││                                                                                                      ││                          │
│                          ││                                                                                                      ││                          │
│                          ││                                                                                                      ││                          │
└──────────────────────────┘└──────────────────────────────────────────────────────────────────────────────────────────────────────┘└──────────────────────────┘
disconnected  tx:idle  FOCUS: Editor  layout:normal  rows:0  ctrl+p palette  F1 help  Ctrl+Enter run  Ctrl+N new sql  Ctrl+W close
